Archive member included because of file (symbol)

c:/siliconlabs/simplicitystudio/v3/developer/toolchains/gnu_arm/4.8_2013q4/bin/../lib/gcc/arm-none-eabi/4.8.3/armv7-m\libgcc.a(_aeabi_uldivmod.o)
                              ./emlib/em_usart.o (__aeabi_uldivmod)
c:/siliconlabs/simplicitystudio/v3/developer/toolchains/gnu_arm/4.8_2013q4/bin/../lib/gcc/arm-none-eabi/4.8.3/armv7-m\libgcc.a(bpabi.o)
                              c:/siliconlabs/simplicitystudio/v3/developer/toolchains/gnu_arm/4.8_2013q4/bin/../lib/gcc/arm-none-eabi/4.8.3/armv7-m\libgcc.a(_aeabi_uldivmod.o) (__gnu_uldivmod_helper)
c:/siliconlabs/simplicitystudio/v3/developer/toolchains/gnu_arm/4.8_2013q4/bin/../lib/gcc/arm-none-eabi/4.8.3/armv7-m\libgcc.a(_dvmd_tls.o)
                              c:/siliconlabs/simplicitystudio/v3/developer/toolchains/gnu_arm/4.8_2013q4/bin/../lib/gcc/arm-none-eabi/4.8.3/armv7-m\libgcc.a(_aeabi_uldivmod.o) (__aeabi_ldiv0)
c:/siliconlabs/simplicitystudio/v3/developer/toolchains/gnu_arm/4.8_2013q4/bin/../lib/gcc/arm-none-eabi/4.8.3/armv7-m\libgcc.a(_divdi3.o)
                              c:/siliconlabs/simplicitystudio/v3/developer/toolchains/gnu_arm/4.8_2013q4/bin/../lib/gcc/arm-none-eabi/4.8.3/armv7-m\libgcc.a(bpabi.o) (__divdi3)
c:/siliconlabs/simplicitystudio/v3/developer/toolchains/gnu_arm/4.8_2013q4/bin/../lib/gcc/arm-none-eabi/4.8.3/armv7-m\libgcc.a(_udivdi3.o)
                              c:/siliconlabs/simplicitystudio/v3/developer/toolchains/gnu_arm/4.8_2013q4/bin/../lib/gcc/arm-none-eabi/4.8.3/armv7-m\libgcc.a(bpabi.o) (__udivdi3)
c:/siliconlabs/simplicitystudio/v3/developer/toolchains/gnu_arm/4.8_2013q4/bin/../lib/gcc/arm-none-eabi/4.8.3/../../../../arm-none-eabi/lib/armv7-m\libc_s.a(lib_a-exit.o)
                              c:/siliconlabs/simplicitystudio/v3/developer/toolchains/gnu_arm/4.8_2013q4/bin/../lib/gcc/arm-none-eabi/4.8.3/../../../../arm-none-eabi/lib/armv7-m/crt0.o (exit)
c:/siliconlabs/simplicitystudio/v3/developer/toolchains/gnu_arm/4.8_2013q4/bin/../lib/gcc/arm-none-eabi/4.8.3/../../../../arm-none-eabi/lib/armv7-m\libc_s.a(lib_a-impure.o)
                              c:/siliconlabs/simplicitystudio/v3/developer/toolchains/gnu_arm/4.8_2013q4/bin/../lib/gcc/arm-none-eabi/4.8.3/../../../../arm-none-eabi/lib/armv7-m\libc_s.a(lib_a-exit.o) (_global_impure_ptr)
c:/siliconlabs/simplicitystudio/v3/developer/toolchains/gnu_arm/4.8_2013q4/bin/../lib/gcc/arm-none-eabi/4.8.3/../../../../arm-none-eabi/lib/armv7-m\libc_s.a(lib_a-init.o)
                              c:/siliconlabs/simplicitystudio/v3/developer/toolchains/gnu_arm/4.8_2013q4/bin/../lib/gcc/arm-none-eabi/4.8.3/../../../../arm-none-eabi/lib/armv7-m/crt0.o (__libc_init_array)
c:/siliconlabs/simplicitystudio/v3/developer/toolchains/gnu_arm/4.8_2013q4/bin/../lib/gcc/arm-none-eabi/4.8.3/../../../../arm-none-eabi/lib/armv7-m\libc_s.a(lib_a-memset.o)
                              c:/siliconlabs/simplicitystudio/v3/developer/toolchains/gnu_arm/4.8_2013q4/bin/../lib/gcc/arm-none-eabi/4.8.3/../../../../arm-none-eabi/lib/armv7-m/crt0.o (memset)
c:/siliconlabs/simplicitystudio/v3/developer/toolchains/gnu_arm/4.8_2013q4/bin/../lib/gcc/arm-none-eabi/4.8.3/../../../../arm-none-eabi/lib/armv7-m\libnosys.a(_exit.o)
                              c:/siliconlabs/simplicitystudio/v3/developer/toolchains/gnu_arm/4.8_2013q4/bin/../lib/gcc/arm-none-eabi/4.8.3/../../../../arm-none-eabi/lib/armv7-m\libc_s.a(lib_a-exit.o) (_exit)

Allocating common symbols
Common symbol       size              file

SystemCoreClock     0x4               ./CMSIS/efm32gg/system_efm32gg.o
rxBuf               0x110             ./src/uart.o

Discarded input sections

 .text          0x00000000        0x0 c:/siliconlabs/simplicitystudio/v3/developer/toolchains/gnu_arm/4.8_2013q4/bin/../lib/gcc/arm-none-eabi/4.8.3/armv7-m/crti.o
 .data          0x00000000        0x0 c:/siliconlabs/simplicitystudio/v3/developer/toolchains/gnu_arm/4.8_2013q4/bin/../lib/gcc/arm-none-eabi/4.8.3/armv7-m/crti.o
 .bss           0x00000000        0x0 c:/siliconlabs/simplicitystudio/v3/developer/toolchains/gnu_arm/4.8_2013q4/bin/../lib/gcc/arm-none-eabi/4.8.3/armv7-m/crti.o
 .data          0x00000000        0x4 c:/siliconlabs/simplicitystudio/v3/developer/toolchains/gnu_arm/4.8_2013q4/bin/../lib/gcc/arm-none-eabi/4.8.3/armv7-m/crtbegin.o
 .data          0x00000000        0x0 c:/siliconlabs/simplicitystudio/v3/developer/toolchains/gnu_arm/4.8_2013q4/bin/../lib/gcc/arm-none-eabi/4.8.3/../../../../arm-none-eabi/lib/armv7-m/crt0.o
 .bss           0x00000000        0x0 c:/siliconlabs/simplicitystudio/v3/developer/toolchains/gnu_arm/4.8_2013q4/bin/../lib/gcc/arm-none-eabi/4.8.3/../../../../arm-none-eabi/lib/armv7-m/crt0.o
 .ARM.extab     0x00000000        0x0 c:/siliconlabs/simplicitystudio/v3/developer/toolchains/gnu_arm/4.8_2013q4/bin/../lib/gcc/arm-none-eabi/4.8.3/../../../../arm-none-eabi/lib/armv7-m/crt0.o
 .text          0x00000000        0x0 ./src/uart.o
 .data          0x00000000        0x0 ./src/uart.o
 .bss           0x00000000        0x0 ./src/uart.o
 .rodata.welLen
                0x00000000        0x4 ./src/uart.o
 .rodata.ofsLen
                0x00000000        0x4 ./src/uart.o
 .text.uartGetChar
                0x00000000       0x58 ./src/uart.o
 .text.uartPutChar
                0x00000000       0x6c ./src/uart.o
 .text.uartGetData
                0x00000000       0x90 ./src/uart.o
 .text          0x00000000        0x0 ./emlib/em_assert.o
 .data          0x00000000        0x0 ./emlib/em_assert.o
 .bss           0x00000000        0x0 ./emlib/em_assert.o
 .text          0x00000000        0x0 ./emlib/em_cmu.o
 .data          0x00000000        0x0 ./emlib/em_cmu.o
 .bss           0x00000000        0x0 ./emlib/em_cmu.o
 .text.BUS_RegMaskedWrite
                0x00000000       0x28 ./emlib/em_cmu.o
 .text.CMU_Log2ToDiv
                0x00000000       0x1c ./emlib/em_cmu.o
 .text.flashWaitStateControl
                0x00000000       0xb8 ./emlib/em_cmu.o
 .text.flashWaitStateMax
                0x00000000       0x14 ./emlib/em_cmu.o
 .text.CMU_AUXHFRCOBandGet
                0x00000000       0x20 ./emlib/em_cmu.o
 .text.CMU_AUXHFRCOBandSet
                0x00000000       0xb8 ./emlib/em_cmu.o
 .text.CMU_Calibrate
                0x00000000       0xac ./emlib/em_cmu.o
 .text.CMU_CalibrateConfig
                0x00000000       0xfc ./emlib/em_cmu.o
 .text.CMU_CalibrateCountGet
                0x00000000       0x38 ./emlib/em_cmu.o
 .text.CMU_ClockDivGet
                0x00000000      0x194 ./emlib/em_cmu.o
 .text.CMU_ClockDivSet
                0x00000000      0x2c8 ./emlib/em_cmu.o
 .text.CMU_ClockSelectSet
                0x00000000      0x2f8 ./emlib/em_cmu.o
 .text.CMU_FreezeEnable
                0x00000000       0x38 ./emlib/em_cmu.o
 .text.CMU_HFRCOBandGet
                0x00000000       0x20 ./emlib/em_cmu.o
 .text.CMU_HFRCOBandSet
                0x00000000       0xf0 ./emlib/em_cmu.o
 .text.CMU_HFRCOStartupDelayGet
                0x00000000       0x1c ./emlib/em_cmu.o
 .text.CMU_HFRCOStartupDelaySet
                0x00000000       0x40 ./emlib/em_cmu.o
 .text.CMU_HFXOInit
                0x00000000       0x68 ./emlib/em_cmu.o
 .text.CMU_LCDClkFDIVGet
                0x00000000       0x1c ./emlib/em_cmu.o
 .text.CMU_LCDClkFDIVSet
                0x00000000       0x4c ./emlib/em_cmu.o
 .text.CMU_LFXOInit
                0x00000000       0x8c ./emlib/em_cmu.o
 .text.CMU_OscillatorEnable
                0x00000000       0xcc ./emlib/em_cmu.o
 .text.CMU_OscillatorTuningGet
                0x00000000       0x5c ./emlib/em_cmu.o
 .text.CMU_OscillatorTuningSet
                0x00000000       0xb0 ./emlib/em_cmu.o
 .text.CMU_PCNTClockExternalGet
                0x00000000       0x60 ./emlib/em_cmu.o
 .text.CMU_PCNTClockExternalSet
                0x00000000       0x48 ./emlib/em_cmu.o
 .text          0x00000000        0x0 ./emlib/em_ebi.o
 .data          0x00000000        0x0 ./emlib/em_ebi.o
 .bss           0x00000000        0x0 ./emlib/em_ebi.o
 .text.EBI_TFTFrameBaseSet
                0x00000000       0x1c ./emlib/em_ebi.o
 .text.EBI_BankEnable
                0x00000000       0x70 ./emlib/em_ebi.o
 .text.EBI_BankAddress
                0x00000000      0x104 ./emlib/em_ebi.o
 .text.EBI_PolaritySet
                0x00000000      0x100 ./emlib/em_ebi.o
 .text.EBI_ReadTimingSet
                0x00000000       0x70 ./emlib/em_ebi.o
 .text.EBI_WriteTimingSet
                0x00000000       0x70 ./emlib/em_ebi.o
 .text.EBI_AddressTimingSet
                0x00000000       0x58 ./emlib/em_ebi.o
 .text.EBI_TFTInit
                0x00000000      0x100 ./emlib/em_ebi.o
 .text.EBI_TFTSizeSet
                0x00000000       0x50 ./emlib/em_ebi.o
 .text.EBI_TFTHPorchSet
                0x00000000       0x60 ./emlib/em_ebi.o
 .text.EBI_TFTVPorchSet
                0x00000000       0x60 ./emlib/em_ebi.o
 .text.EBI_TFTTimingSet
                0x00000000       0x78 ./emlib/em_ebi.o
 .text.EBI_BankByteLaneEnable
                0x00000000       0x88 ./emlib/em_ebi.o
 .text.EBI_AltMapEnable
                0x00000000       0x20 ./emlib/em_ebi.o
 .text          0x00000000        0x0 ./emlib/em_emu.o
 .data          0x00000000        0x0 ./emlib/em_emu.o
 .bss           0x00000000        0x0 ./emlib/em_emu.o
 .text.SystemCoreClockUpdate
                0x00000000        0xc ./emlib/em_emu.o
 .text.BUS_RegBitWrite
                0x00000000       0x2c ./emlib/em_emu.o
 .text.EMU_BUPinEnable
                0x00000000       0x20 ./emlib/em_emu.o
 .text.EMU_Unlock
                0x00000000       0x18 ./emlib/em_emu.o
 .text.CMU_Lock
                0x00000000       0x18 ./emlib/em_emu.o
 .text.CMU_Unlock
                0x00000000       0x1c ./emlib/em_emu.o
 .bss.cmuStatus
                0x00000000        0x4 ./emlib/em_emu.o
 .text.emuRestore
                0x00000000       0xf0 ./emlib/em_emu.o
 .text.getErrataFixEmuE107En
                0x00000000       0x68 ./emlib/em_emu.o
 .text.EMU_EnterEM2
                0x00000000       0x9c ./emlib/em_emu.o
 .text.EMU_EnterEM3
                0x00000000       0xbc ./emlib/em_emu.o
 .text.EMU_EnterEM4
                0x00000000       0x50 ./emlib/em_emu.o
 .rodata        0x00000000       0x50 ./emlib/em_emu.o
 .text.EMU_MemPwrDown
                0x00000000       0x2c ./emlib/em_emu.o
 .text.EMU_UpdateOscConfig
                0x00000000       0x1c ./emlib/em_emu.o
 .text.EMU_EM23Init
                0x00000000       0x34 ./emlib/em_emu.o
 .text.EMU_EM4Init
                0x00000000       0x50 ./emlib/em_emu.o
 .text.EMU_BUPDInit
                0x00000000       0xcc ./emlib/em_emu.o
 .text.EMU_BUThresholdSet
                0x00000000       0x6c ./emlib/em_emu.o
 .text.EMU_BUThresRangeSet
                0x00000000       0x70 ./emlib/em_emu.o
 .debug_info    0x00000000      0xd7c ./emlib/em_emu.o
 .debug_abbrev  0x00000000      0x252 ./emlib/em_emu.o
 .debug_loc     0x00000000      0x3b4 ./emlib/em_emu.o
 .debug_aranges
                0x00000000       0xa8 ./emlib/em_emu.o
 .debug_ranges  0x00000000       0x98 ./emlib/em_emu.o
 .debug_line    0x00000000      0x4e2 ./emlib/em_emu.o
 .debug_str     0x00000000      0x826 ./emlib/em_emu.o
 .comment       0x00000000       0x71 ./emlib/em_emu.o
 .ARM.attributes
                0x00000000       0x33 ./emlib/em_emu.o
 .debug_frame   0x00000000      0x21c ./emlib/em_emu.o
 .text          0x00000000        0x0 ./emlib/em_gpio.o
 .data          0x00000000        0x0 ./emlib/em_gpio.o
 .bss           0x00000000        0x0 ./emlib/em_gpio.o
 .text.BUS_RegBitWrite
                0x00000000       0x2c ./emlib/em_gpio.o
 .text.BUS_RegMaskedWrite
                0x00000000       0x28 ./emlib/em_gpio.o
 .text.GPIO_EM4SetPinRetention
                0x00000000       0x40 ./emlib/em_gpio.o
 .text.GPIO_DbgLocationSet
                0x00000000       0x3c ./emlib/em_gpio.o
 .text.GPIO_DriveModeSet
                0x00000000       0x78 ./emlib/em_gpio.o
 .text.GPIO_ExtIntConfig
                0x00000000      0x10c ./emlib/em_gpio.o
 .text.GPIO_PinModeGet
                0x00000000       0xcc ./emlib/em_gpio.o
 .text.GPIO_EM4EnablePinWakeup
                0x00000000       0x84 ./emlib/em_gpio.o
 .text          0x00000000        0x0 ./emlib/em_system.o
 .data          0x00000000        0x0 ./emlib/em_system.o
 .bss           0x00000000        0x0 ./emlib/em_system.o
 .text.SYSTEM_GetCalibrationValue
                0x00000000       0x5c ./emlib/em_system.o
 .text          0x00000000        0x0 ./emlib/em_usart.o
 .data          0x00000000        0x0 ./emlib/em_usart.o
 .bss           0x00000000        0x0 ./emlib/em_usart.o
 .text.USART_BaudrateCalc
                0x00000000      0x134 ./emlib/em_usart.o
 .text.USART_BaudrateGet
                0x00000000       0x50 ./emlib/em_usart.o
 .text.USARTn_InitIrDA
                0x00000000       0x88 ./emlib/em_usart.o
 .text.USART_InitI2s
                0x00000000       0xa0 ./emlib/em_usart.o
 .text.USART_InitPrsTrigger
                0x00000000       0x60 ./emlib/em_usart.o
 .text.USART_RxDouble
                0x00000000       0x28 ./emlib/em_usart.o
 .text.USART_RxDoubleExt
                0x00000000       0x28 ./emlib/em_usart.o
 .text.USART_RxExt
                0x00000000       0x28 ./emlib/em_usart.o
 .text.USART_SpiTransfer
                0x00000000       0x40 ./emlib/em_usart.o
 .text.USART_TxDouble
                0x00000000       0x2c ./emlib/em_usart.o
 .text.USART_TxDoubleExt
                0x00000000       0x28 ./emlib/em_usart.o
 .text.USART_TxExt
                0x00000000       0x2c ./emlib/em_usart.o
 .data          0x00000000        0x0 ./CMSIS/efm32gg/startup_efm32gg.o
 .bss           0x00000000        0x0 ./CMSIS/efm32gg/startup_efm32gg.o
 .text          0x00000000        0x0 ./CMSIS/efm32gg/system_efm32gg.o
 .data          0x00000000        0x0 ./CMSIS/efm32gg/system_efm32gg.o
 .bss           0x00000000        0x0 ./CMSIS/efm32gg/system_efm32gg.o
 .text.SystemMaxCoreClockGet
                0x00000000       0x14 ./CMSIS/efm32gg/system_efm32gg.o
 .text.SystemHFXOClockGet
                0x00000000       0x18 ./CMSIS/efm32gg/system_efm32gg.o
 .text.SystemHFXOClockSet
                0x00000000       0x2c ./CMSIS/efm32gg/system_efm32gg.o
 .text.SystemLFXOClockSet
                0x00000000       0x2c ./CMSIS/efm32gg/system_efm32gg.o
 .text          0x00000000        0x0 ./BSP/bsp_dk_3201.o
 .data          0x00000000        0x0 ./BSP/bsp_dk_3201.o
 .bss           0x00000000        0x0 ./BSP/bsp_dk_3201.o
 .text.BSP_BusControlModeGet
                0x00000000       0x18 ./BSP/bsp_dk_3201.o
 .text.BSP_DipSwitchGet
                0x00000000       0x18 ./BSP/bsp_dk_3201.o
 .text.BSP_DisplayControl
                0x00000000      0x124 ./BSP/bsp_dk_3201.o
 .text.BSP_EnergyModeSet
                0x00000000       0x24 ./BSP/bsp_dk_3201.o
 .text.BSP_InterruptDisable
                0x00000000       0x3c ./BSP/bsp_dk_3201.o
 .text.BSP_InterruptEnable
                0x00000000       0x34 ./BSP/bsp_dk_3201.o
 .text.BSP_InterruptFlagsClear
                0x00000000       0x58 ./BSP/bsp_dk_3201.o
 .text.BSP_InterruptFlagsSet
                0x00000000       0x24 ./BSP/bsp_dk_3201.o
 .text.BSP_InterruptFlagsGet
                0x00000000       0x14 ./BSP/bsp_dk_3201.o
 .text.BSP_JoystickGet
                0x00000000       0x20 ./BSP/bsp_dk_3201.o
 .text.BSP_PushButtonsGet
                0x00000000       0x20 ./BSP/bsp_dk_3201.o
 .text          0x00000000        0x0 ./BSP/bsp_dk_leds.o
 .data          0x00000000        0x0 ./BSP/bsp_dk_leds.o
 .bss           0x00000000        0x0 ./BSP/bsp_dk_leds.o
 .text.BSP_LedsInit
                0x00000000       0x18 ./BSP/bsp_dk_leds.o
 .text.BSP_LedsGet
                0x00000000       0x14 ./BSP/bsp_dk_leds.o
 .text.BSP_LedsSet
                0x00000000       0x24 ./BSP/bsp_dk_leds.o
 .text.BSP_LedClear
                0x00000000       0x50 ./BSP/bsp_dk_leds.o
 .text.BSP_LedGet
                0x00000000       0x44 ./BSP/bsp_dk_leds.o
 .text.BSP_LedSet
                0x00000000       0x4c ./BSP/bsp_dk_leds.o
 .text.BSP_LedToggle
                0x00000000       0x4c ./BSP/bsp_dk_leds.o
 .debug_info    0x00000000      0x4f7 ./BSP/bsp_dk_leds.o
 .debug_abbrev  0x00000000       0xe9 ./BSP/bsp_dk_leds.o
 .debug_loc     0x00000000      0x170 ./BSP/bsp_dk_leds.o
 .debug_aranges
                0x00000000       0x50 ./BSP/bsp_dk_leds.o
 .debug_ranges  0x00000000       0x40 ./BSP/bsp_dk_leds.o
 .debug_line    0x00000000      0x1a9 ./BSP/bsp_dk_leds.o
 .debug_str     0x00000000      0x449 ./BSP/bsp_dk_leds.o
 .comment       0x00000000       0x71 ./BSP/bsp_dk_leds.o
 .ARM.attributes
                0x00000000       0x33 ./BSP/bsp_dk_leds.o
 .debug_frame   0x00000000       0xe8 ./BSP/bsp_dk_leds.o
 .text          0x00000000        0x0 ./BSP/bsp_trace.o
 .data          0x00000000        0x0 ./BSP/bsp_trace.o
 .bss           0x00000000        0x0 ./BSP/bsp_trace.o
 .text.BSP_TraceEtmSetup
                0x00000000       0xa0 ./BSP/bsp_trace.o
 .text.BSP_TraceSwoSetup
                0x00000000      0x114 ./BSP/bsp_trace.o
 .text.BSP_TraceProfilerSetup
                0x00000000       0x28 ./BSP/bsp_trace.o
 .debug_info    0x00000000      0xc7a ./BSP/bsp_trace.o
 .debug_abbrev  0x00000000      0x193 ./BSP/bsp_trace.o
 .debug_loc     0x00000000       0x9c ./BSP/bsp_trace.o
 .debug_aranges
                0x00000000       0x30 ./BSP/bsp_trace.o
 .debug_ranges  0x00000000       0x20 ./BSP/bsp_trace.o
 .debug_line    0x00000000      0x282 ./BSP/bsp_trace.o
 .debug_str     0x00000000      0x7cd ./BSP/bsp_trace.o
 .comment       0x00000000       0x71 ./BSP/bsp_trace.o
 .ARM.attributes
                0x00000000       0x33 ./BSP/bsp_trace.o
 .debug_frame   0x00000000       0x68 ./BSP/bsp_trace.o
 .text          0x00000000       0x2c c:/siliconlabs/simplicitystudio/v3/developer/toolchains/gnu_arm/4.8_2013q4/bin/../lib/gcc/arm-none-eabi/4.8.3/armv7-m\libgcc.a(_aeabi_uldivmod.o)
 .data          0x00000000        0x0 c:/siliconlabs/simplicitystudio/v3/developer/toolchains/gnu_arm/4.8_2013q4/bin/../lib/gcc/arm-none-eabi/4.8.3/armv7-m\libgcc.a(_aeabi_uldivmod.o)
 .bss           0x00000000        0x0 c:/siliconlabs/simplicitystudio/v3/developer/toolchains/gnu_arm/4.8_2013q4/bin/../lib/gcc/arm-none-eabi/4.8.3/armv7-m\libgcc.a(_aeabi_uldivmod.o)
 .ARM.attributes
                0x00000000       0x1d c:/siliconlabs/simplicitystudio/v3/developer/toolchains/gnu_arm/4.8_2013q4/bin/../lib/gcc/arm-none-eabi/4.8.3/armv7-m\libgcc.a(_aeabi_uldivmod.o)
 .text          0x00000000       0x60 c:/siliconlabs/simplicitystudio/v3/developer/toolchains/gnu_arm/4.8_2013q4/bin/../lib/gcc/arm-none-eabi/4.8.3/armv7-m\libgcc.a(bpabi.o)
 .data          0x00000000        0x0 c:/siliconlabs/simplicitystudio/v3/developer/toolchains/gnu_arm/4.8_2013q4/bin/../lib/gcc/arm-none-eabi/4.8.3/armv7-m\libgcc.a(bpabi.o)
 .bss           0x00000000        0x0 c:/siliconlabs/simplicitystudio/v3/developer/toolchains/gnu_arm/4.8_2013q4/bin/../lib/gcc/arm-none-eabi/4.8.3/armv7-m\libgcc.a(bpabi.o)
 .ARM.attributes
                0x00000000       0x2d c:/siliconlabs/simplicitystudio/v3/developer/toolchains/gnu_arm/4.8_2013q4/bin/../lib/gcc/arm-none-eabi/4.8.3/armv7-m\libgcc.a(bpabi.o)
 .debug_frame   0x00000000       0x58 c:/siliconlabs/simplicitystudio/v3/developer/toolchains/gnu_arm/4.8_2013q4/bin/../lib/gcc/arm-none-eabi/4.8.3/armv7-m\libgcc.a(bpabi.o)
 .text          0x00000000        0x4 c:/siliconlabs/simplicitystudio/v3/developer/toolchains/gnu_arm/4.8_2013q4/bin/../lib/gcc/arm-none-eabi/4.8.3/armv7-m\libgcc.a(_dvmd_tls.o)
 .data          0x00000000        0x0 c:/siliconlabs/simplicitystudio/v3/developer/toolchains/gnu_arm/4.8_2013q4/bin/../lib/gcc/arm-none-eabi/4.8.3/armv7-m\libgcc.a(_dvmd_tls.o)
 .bss           0x00000000        0x0 c:/siliconlabs/simplicitystudio/v3/developer/toolchains/gnu_arm/4.8_2013q4/bin/../lib/gcc/arm-none-eabi/4.8.3/armv7-m\libgcc.a(_dvmd_tls.o)
 .ARM.attributes
                0x00000000       0x1d c:/siliconlabs/simplicitystudio/v3/developer/toolchains/gnu_arm/4.8_2013q4/bin/../lib/gcc/arm-none-eabi/4.8.3/armv7-m\libgcc.a(_dvmd_tls.o)
 .text          0x00000000      0x2a0 c:/siliconlabs/simplicitystudio/v3/developer/toolchains/gnu_arm/4.8_2013q4/bin/../lib/gcc/arm-none-eabi/4.8.3/armv7-m\libgcc.a(_divdi3.o)
 .data          0x00000000        0x0 c:/siliconlabs/simplicitystudio/v3/developer/toolchains/gnu_arm/4.8_2013q4/bin/../lib/gcc/arm-none-eabi/4.8.3/armv7-m\libgcc.a(_divdi3.o)
 .bss           0x00000000        0x0 c:/siliconlabs/simplicitystudio/v3/developer/toolchains/gnu_arm/4.8_2013q4/bin/../lib/gcc/arm-none-eabi/4.8.3/armv7-m\libgcc.a(_divdi3.o)
 .ARM.extab     0x00000000        0x0 c:/siliconlabs/simplicitystudio/v3/developer/toolchains/gnu_arm/4.8_2013q4/bin/../lib/gcc/arm-none-eabi/4.8.3/armv7-m\libgcc.a(_divdi3.o)
 .ARM.exidx     0x00000000        0x8 c:/siliconlabs/simplicitystudio/v3/developer/toolchains/gnu_arm/4.8_2013q4/bin/../lib/gcc/arm-none-eabi/4.8.3/armv7-m\libgcc.a(_divdi3.o)
 .ARM.attributes
                0x00000000       0x2d c:/siliconlabs/simplicitystudio/v3/developer/toolchains/gnu_arm/4.8_2013q4/bin/../lib/gcc/arm-none-eabi/4.8.3/armv7-m\libgcc.a(_divdi3.o)
 .debug_frame   0x00000000       0x34 c:/siliconlabs/simplicitystudio/v3/developer/toolchains/gnu_arm/4.8_2013q4/bin/../lib/gcc/arm-none-eabi/4.8.3/armv7-m\libgcc.a(_divdi3.o)
 .text          0x00000000      0x290 c:/siliconlabs/simplicitystudio/v3/developer/toolchains/gnu_arm/4.8_2013q4/bin/../lib/gcc/arm-none-eabi/4.8.3/armv7-m\libgcc.a(_udivdi3.o)
 .data          0x00000000        0x0 c:/siliconlabs/simplicitystudio/v3/developer/toolchains/gnu_arm/4.8_2013q4/bin/../lib/gcc/arm-none-eabi/4.8.3/armv7-m\libgcc.a(_udivdi3.o)
 .bss           0x00000000        0x0 c:/siliconlabs/simplicitystudio/v3/developer/toolchains/gnu_arm/4.8_2013q4/bin/../lib/gcc/arm-none-eabi/4.8.3/armv7-m\libgcc.a(_udivdi3.o)
 .ARM.extab     0x00000000        0x0 c:/siliconlabs/simplicitystudio/v3/developer/toolchains/gnu_arm/4.8_2013q4/bin/../lib/gcc/arm-none-eabi/4.8.3/armv7-m\libgcc.a(_udivdi3.o)
 .ARM.exidx     0x00000000        0x8 c:/siliconlabs/simplicitystudio/v3/developer/toolchains/gnu_arm/4.8_2013q4/bin/../lib/gcc/arm-none-eabi/4.8.3/armv7-m\libgcc.a(_udivdi3.o)
 .ARM.attributes
                0x00000000       0x2d c:/siliconlabs/simplicitystudio/v3/developer/toolchains/gnu_arm/4.8_2013q4/bin/../lib/gcc/arm-none-eabi/4.8.3/armv7-m\libgcc.a(_udivdi3.o)
 .debug_frame   0x00000000       0x34 c:/siliconlabs/simplicitystudio/v3/developer/toolchains/gnu_arm/4.8_2013q4/bin/../lib/gcc/arm-none-eabi/4.8.3/armv7-m\libgcc.a(_udivdi3.o)
 .text          0x00000000        0x0 c:/siliconlabs/simplicitystudio/v3/developer/toolchains/gnu_arm/4.8_2013q4/bin/../lib/gcc/arm-none-eabi/4.8.3/../../../../arm-none-eabi/lib/armv7-m\libc_s.a(lib_a-exit.o)
 .data          0x00000000        0x0 c:/siliconlabs/simplicitystudio/v3/developer/toolchains/gnu_arm/4.8_2013q4/bin/../lib/gcc/arm-none-eabi/4.8.3/../../../../arm-none-eabi/lib/armv7-m\libc_s.a(lib_a-exit.o)
 .bss           0x00000000        0x0 c:/siliconlabs/simplicitystudio/v3/developer/toolchains/gnu_arm/4.8_2013q4/bin/../lib/gcc/arm-none-eabi/4.8.3/../../../../arm-none-eabi/lib/armv7-m\libc_s.a(lib_a-exit.o)
 .text          0x00000000        0x0 c:/siliconlabs/simplicitystudio/v3/developer/toolchains/gnu_arm/4.8_2013q4/bin/../lib/gcc/arm-none-eabi/4.8.3/../../../../arm-none-eabi/lib/armv7-m\libc_s.a(lib_a-impure.o)
 .data          0x00000000        0x0 c:/siliconlabs/simplicitystudio/v3/developer/toolchains/gnu_arm/4.8_2013q4/bin/../lib/gcc/arm-none-eabi/4.8.3/../../../../arm-none-eabi/lib/armv7-m\libc_s.a(lib_a-impure.o)
 .bss           0x00000000        0x0 c:/siliconlabs/simplicitystudio/v3/developer/toolchains/gnu_arm/4.8_2013q4/bin/../lib/gcc/arm-none-eabi/4.8.3/../../../../arm-none-eabi/lib/armv7-m\libc_s.a(lib_a-impure.o)
 .data._impure_ptr
                0x00000000        0x4 c:/siliconlabs/simplicitystudio/v3/developer/toolchains/gnu_arm/4.8_2013q4/bin/../lib/gcc/arm-none-eabi/4.8.3/../../../../arm-none-eabi/lib/armv7-m\libc_s.a(lib_a-impure.o)
 .text          0x00000000        0x0 c:/siliconlabs/simplicitystudio/v3/developer/toolchains/gnu_arm/4.8_2013q4/bin/../lib/gcc/arm-none-eabi/4.8.3/../../../../arm-none-eabi/lib/armv7-m\libc_s.a(lib_a-init.o)
 .data          0x00000000        0x0 c:/siliconlabs/simplicitystudio/v3/developer/toolchains/gnu_arm/4.8_2013q4/bin/../lib/gcc/arm-none-eabi/4.8.3/../../../../arm-none-eabi/lib/armv7-m\libc_s.a(lib_a-init.o)
 .bss           0x00000000        0x0 c:/siliconlabs/simplicitystudio/v3/developer/toolchains/gnu_arm/4.8_2013q4/bin/../lib/gcc/arm-none-eabi/4.8.3/../../../../arm-none-eabi/lib/armv7-m\libc_s.a(lib_a-init.o)
 .text          0x00000000        0x0 c:/siliconlabs/simplicitystudio/v3/developer/toolchains/gnu_arm/4.8_2013q4/bin/../lib/gcc/arm-none-eabi/4.8.3/../../../../arm-none-eabi/lib/armv7-m\libc_s.a(lib_a-memset.o)
 .data          0x00000000        0x0 c:/siliconlabs/simplicitystudio/v3/developer/toolchains/gnu_arm/4.8_2013q4/bin/../lib/gcc/arm-none-eabi/4.8.3/../../../../arm-none-eabi/lib/armv7-m\libc_s.a(lib_a-memset.o)
 .bss           0x00000000        0x0 c:/siliconlabs/simplicitystudio/v3/developer/toolchains/gnu_arm/4.8_2013q4/bin/../lib/gcc/arm-none-eabi/4.8.3/../../../../arm-none-eabi/lib/armv7-m\libc_s.a(lib_a-memset.o)
 .text          0x00000000        0x0 c:/siliconlabs/simplicitystudio/v3/developer/toolchains/gnu_arm/4.8_2013q4/bin/../lib/gcc/arm-none-eabi/4.8.3/../../../../arm-none-eabi/lib/armv7-m\libnosys.a(_exit.o)
 .data          0x00000000        0x0 c:/siliconlabs/simplicitystudio/v3/developer/toolchains/gnu_arm/4.8_2013q4/bin/../lib/gcc/arm-none-eabi/4.8.3/../../../../arm-none-eabi/lib/armv7-m\libnosys.a(_exit.o)
 .bss           0x00000000        0x0 c:/siliconlabs/simplicitystudio/v3/developer/toolchains/gnu_arm/4.8_2013q4/bin/../lib/gcc/arm-none-eabi/4.8.3/../../../../arm-none-eabi/lib/armv7-m\libnosys.a(_exit.o)
 .text          0x00000000        0x0 c:/siliconlabs/simplicitystudio/v3/developer/toolchains/gnu_arm/4.8_2013q4/bin/../lib/gcc/arm-none-eabi/4.8.3/armv7-m/crtend.o
 .data          0x00000000        0x0 c:/siliconlabs/simplicitystudio/v3/developer/toolchains/gnu_arm/4.8_2013q4/bin/../lib/gcc/arm-none-eabi/4.8.3/armv7-m/crtend.o
 .bss           0x00000000        0x0 c:/siliconlabs/simplicitystudio/v3/developer/toolchains/gnu_arm/4.8_2013q4/bin/../lib/gcc/arm-none-eabi/4.8.3/armv7-m/crtend.o
 .text          0x00000000        0x0 c:/siliconlabs/simplicitystudio/v3/developer/toolchains/gnu_arm/4.8_2013q4/bin/../lib/gcc/arm-none-eabi/4.8.3/armv7-m/crtn.o
 .data          0x00000000        0x0 c:/siliconlabs/simplicitystudio/v3/developer/toolchains/gnu_arm/4.8_2013q4/bin/../lib/gcc/arm-none-eabi/4.8.3/armv7-m/crtn.o
 .bss           0x00000000        0x0 c:/siliconlabs/simplicitystudio/v3/developer/toolchains/gnu_arm/4.8_2013q4/bin/../lib/gcc/arm-none-eabi/4.8.3/armv7-m/crtn.o

Memory Configuration

Name             Origin             Length             Attributes
FLASH            0x00000000         0x00100000         xr
RAM              0x20000000         0x00020000         xrw
*default*        0x00000000         0xffffffff

Linker script and memory map

LOAD c:/siliconlabs/simplicitystudio/v3/developer/toolchains/gnu_arm/4.8_2013q4/bin/../lib/gcc/arm-none-eabi/4.8.3/armv7-m/crti.o
LOAD c:/siliconlabs/simplicitystudio/v3/developer/toolchains/gnu_arm/4.8_2013q4/bin/../lib/gcc/arm-none-eabi/4.8.3/armv7-m/crtbegin.o
LOAD c:/siliconlabs/simplicitystudio/v3/developer/toolchains/gnu_arm/4.8_2013q4/bin/../lib/gcc/arm-none-eabi/4.8.3/../../../../arm-none-eabi/lib/armv7-m/crt0.o
LOAD ./src/uart.o
LOAD ./emlib/em_assert.o
LOAD ./emlib/em_cmu.o
LOAD ./emlib/em_ebi.o
LOAD ./emlib/em_emu.o
LOAD ./emlib/em_gpio.o
LOAD ./emlib/em_system.o
LOAD ./emlib/em_usart.o
LOAD ./CMSIS/efm32gg/startup_efm32gg.o
LOAD ./CMSIS/efm32gg/system_efm32gg.o
LOAD ./BSP/bsp_dk_3201.o
LOAD ./BSP/bsp_dk_leds.o
LOAD ./BSP/bsp_trace.o
START GROUP
LOAD c:/siliconlabs/simplicitystudio/v3/developer/toolchains/gnu_arm/4.8_2013q4/bin/../lib/gcc/arm-none-eabi/4.8.3/armv7-m\libgcc.a
LOAD c:/siliconlabs/simplicitystudio/v3/developer/toolchains/gnu_arm/4.8_2013q4/bin/../lib/gcc/arm-none-eabi/4.8.3/../../../../arm-none-eabi/lib/armv7-m\libc_s.a
LOAD c:/siliconlabs/simplicitystudio/v3/developer/toolchains/gnu_arm/4.8_2013q4/bin/../lib/gcc/arm-none-eabi/4.8.3/../../../../arm-none-eabi/lib/armv7-m\libnosys.a
END GROUP
START GROUP
LOAD c:/siliconlabs/simplicitystudio/v3/developer/toolchains/gnu_arm/4.8_2013q4/bin/../lib/gcc/arm-none-eabi/4.8.3/armv7-m\libgcc.a
LOAD c:/siliconlabs/simplicitystudio/v3/developer/toolchains/gnu_arm/4.8_2013q4/bin/../lib/gcc/arm-none-eabi/4.8.3/../../../../arm-none-eabi/lib/armv7-m\libg_s.a
LOAD c:/siliconlabs/simplicitystudio/v3/developer/toolchains/gnu_arm/4.8_2013q4/bin/../lib/gcc/arm-none-eabi/4.8.3/../../../../arm-none-eabi/lib/armv7-m\libc_s.a
END GROUP
START GROUP
LOAD c:/siliconlabs/simplicitystudio/v3/developer/toolchains/gnu_arm/4.8_2013q4/bin/../lib/gcc/arm-none-eabi/4.8.3/armv7-m\libgcc.a
LOAD c:/siliconlabs/simplicitystudio/v3/developer/toolchains/gnu_arm/4.8_2013q4/bin/../lib/gcc/arm-none-eabi/4.8.3/../../../../arm-none-eabi/lib/armv7-m\libc_s.a
END GROUP
LOAD c:/siliconlabs/simplicitystudio/v3/developer/toolchains/gnu_arm/4.8_2013q4/bin/../lib/gcc/arm-none-eabi/4.8.3/armv7-m/crtend.o
LOAD c:/siliconlabs/simplicitystudio/v3/developer/toolchains/gnu_arm/4.8_2013q4/bin/../lib/gcc/arm-none-eabi/4.8.3/armv7-m/crtn.o

.text           0x00000000     0x346c
 *(.vectors)
 .vectors       0x00000000       0xdc ./CMSIS/efm32gg/startup_efm32gg.o
                0x00000000                __Vectors
                0x000000dc                __Vectors_End = .
                0x000000dc                __Vectors_Size = (__Vectors_End - __Vectors)
                0x000000dc                __end__ = .
 *(.text*)
 .text          0x000000dc       0x54 c:/siliconlabs/simplicitystudio/v3/developer/toolchains/gnu_arm/4.8_2013q4/bin/../lib/gcc/arm-none-eabi/4.8.3/armv7-m/crtbegin.o
 .text          0x00000130       0x74 c:/siliconlabs/simplicitystudio/v3/developer/toolchains/gnu_arm/4.8_2013q4/bin/../lib/gcc/arm-none-eabi/4.8.3/../../../../arm-none-eabi/lib/armv7-m/crt0.o
                0x00000130                _start
                0x00000130                _mainCRTStartup
 .text.NVIC_EnableIRQ
                0x000001a4       0x30 ./src/uart.o
 .text.NVIC_ClearPendingIRQ
                0x000001d4       0x34 ./src/uart.o
 .text.CHIP_Init
                0x00000208       0x40 ./src/uart.o
 .text.EMU_EnterEM1
                0x00000248       0x20 ./src/uart.o
 .text.USART_IntClear
                0x00000268       0x1c ./src/uart.o
 .text.USART_IntDisable
                0x00000284       0x24 ./src/uart.o
 .text.USART_IntEnable
                0x000002a8       0x20 ./src/uart.o
 .text.USART_IntGet
                0x000002c8       0x18 ./src/uart.o
 .text.main     0x000002e0       0x80 ./src/uart.o
                0x000002e0                main
 .text.uartSetup
                0x00000360       0xc8 ./src/uart.o
                0x00000360                uartSetup
 .text.uartPutData
                0x00000428       0x98 ./src/uart.o
                0x00000428                uartPutData
 .text.cmuSetup
                0x000004c0       0x20 ./src/uart.o
                0x000004c0                cmuSetup
 .text.UART1_RX_IRQHandler
                0x000004e0       0x7c ./src/uart.o
                0x000004e0                UART1_RX_IRQHandler
 .text.UART1_TX_IRQHandler
                0x0000055c       0x7c ./src/uart.o
                0x0000055c                UART1_TX_IRQHandler
 .text.assertEFM
                0x000005d8        0xc ./emlib/em_assert.o
                0x000005d8                assertEFM
 .text.BUS_RegBitWrite
                0x000005e4       0x2c ./emlib/em_cmu.o
 .text.BUS_RegBitRead
                0x00000610       0x2c ./emlib/em_cmu.o
 .text.CMU_DivToLog2
                0x0000063c       0x3c ./emlib/em_cmu.o
 .text.SYSTEM_GetProdRev
                0x00000678       0x1c ./emlib/em_cmu.o
 .text.SYSTEM_GetFamily
                0x00000694       0x20 ./emlib/em_cmu.o
 .text.maxFreqHfle
                0x000006b4       0x84 ./emlib/em_cmu.o
 .text.setHfLeConfig
                0x00000738       0x3c ./emlib/em_cmu.o
 .text.getHfLeConfig
                0x00000774       0x40 ./emlib/em_cmu.o
 .text.auxClkGet
                0x000007b4       0xc0 ./emlib/em_cmu.o
 .text.dbgClkGet
                0x00000874       0x4c ./emlib/em_cmu.o
 .text.lfClkGet
                0x000008c0      0x10c ./emlib/em_cmu.o
 .text.syncReg  0x000009cc       0x34 ./emlib/em_cmu.o
 .text.usbCClkGet
                0x00000a00       0x4c ./emlib/em_cmu.o
 .text.CMU_ClockEnable
                0x00000a4c       0xe4 ./emlib/em_cmu.o
                0x00000a4c                CMU_ClockEnable
 .text.CMU_ClockFreqGet
                0x00000b30      0x1e4 ./emlib/em_cmu.o
                0x00000b30                CMU_ClockFreqGet
 .text.CMU_ClockSelectGet
                0x00000d14      0x168 ./emlib/em_cmu.o
                0x00000d14                CMU_ClockSelectGet
 .text.BUS_RegBitWrite
                0x00000e7c       0x2c ./emlib/em_ebi.o
 .text.EBI_Init
                0x00000ea8      0x354 ./emlib/em_ebi.o
                0x00000ea8                EBI_Init
 .text.EBI_Disable
                0x000011fc       0x1c ./emlib/em_ebi.o
                0x000011fc                EBI_Disable
 .text.EBI_ChipSelectEnable
                0x00001218       0x70 ./emlib/em_ebi.o
                0x00001218                EBI_ChipSelectEnable
 .text.EBI_BankReadTimingConfig
                0x00001288       0xf4 ./emlib/em_ebi.o
                0x00001288                EBI_BankReadTimingConfig
 .text.EBI_BankReadTimingSet
                0x0000137c       0xe8 ./emlib/em_ebi.o
                0x0000137c                EBI_BankReadTimingSet
 .text.EBI_BankWriteTimingConfig
                0x00001464       0xc8 ./emlib/em_ebi.o
                0x00001464                EBI_BankWriteTimingConfig
 .text.EBI_BankWriteTimingSet
                0x0000152c       0xe8 ./emlib/em_ebi.o
                0x0000152c                EBI_BankWriteTimingSet
 .text.EBI_BankAddressTimingConfig
                0x00001614       0x94 ./emlib/em_ebi.o
                0x00001614                EBI_BankAddressTimingConfig
 .text.EBI_BankAddressTimingSet
                0x000016a8       0xd0 ./emlib/em_ebi.o
                0x000016a8                EBI_BankAddressTimingSet
 .text.EBI_BankPolaritySet
                0x00001778      0x188 ./emlib/em_ebi.o
                0x00001778                EBI_BankPolaritySet
 .text.GPIO_PinOutClear
                0x00001900       0x98 ./emlib/em_gpio.o
 .text.GPIO_PinOutSet
                0x00001998       0x98 ./emlib/em_gpio.o
 .text.GPIO_PinModeSet
                0x00001a30      0x150 ./emlib/em_gpio.o
                0x00001a30                GPIO_PinModeSet
 .text.SYSTEM_ChipRevisionGet
                0x00001b80       0x80 ./emlib/em_system.o
                0x00001b80                SYSTEM_ChipRevisionGet
 .text.BUS_RegMaskedWrite
                0x00001c00       0x28 ./emlib/em_usart.o
 .text.USART_BaudrateAsyncSet
                0x00001c28      0x130 ./emlib/em_usart.o
                0x00001c28                USART_BaudrateAsyncSet
 .text.USART_BaudrateSyncSet
                0x00001d58       0xa0 ./emlib/em_usart.o
                0x00001d58                USART_BaudrateSyncSet
 .text.USART_Enable
                0x00001df8       0x78 ./emlib/em_usart.o
                0x00001df8                USART_Enable
 .text.USART_InitAsync
                0x00001e70       0xc0 ./emlib/em_usart.o
                0x00001e70                USART_InitAsync
 .text.USART_InitSync
                0x00001f30       0xd8 ./emlib/em_usart.o
                0x00001f30                USART_InitSync
 .text.USART_Reset
                0x00002008       0xb8 ./emlib/em_usart.o
                0x00002008                USART_Reset
 .text.USART_Rx
                0x000020c0       0x28 ./emlib/em_usart.o
                0x000020c0                USART_Rx
 .text.USART_Tx
                0x000020e8       0x2c ./emlib/em_usart.o
                0x000020e8                USART_Tx
 .text          0x00002114       0x30 ./CMSIS/efm32gg/startup_efm32gg.o
                0x00002114                Reset_Handler
                0x00002140                DebugMon_Handler
                0x00002140                USART0_TX_IRQHandler
                0x00002140                I2C0_IRQHandler
                0x00002140                HardFault_Handler
                0x00002140                LEUART1_IRQHandler
                0x00002140                SysTick_Handler
                0x00002140                USART1_RX_IRQHandler
                0x00002140                PendSV_Handler
                0x00002140                NMI_Handler
                0x00002140                I2C1_IRQHandler
                0x00002140                TIMER3_IRQHandler
                0x00002140                USART1_TX_IRQHandler
                0x00002140                MSC_IRQHandler
                0x00002140                ADC0_IRQHandler
                0x00002140                UsageFault_Handler
                0x00002140                LEUART0_IRQHandler
                0x00002140                GPIO_EVEN_IRQHandler
                0x00002140                UART0_TX_IRQHandler
                0x00002140                RTC_IRQHandler
                0x00002140                TIMER0_IRQHandler
                0x00002140                TIMER2_IRQHandler
                0x00002140                LCD_IRQHandler
                0x00002140                PCNT2_IRQHandler
                0x00002140                UART0_RX_IRQHandler
                0x00002140                LETIMER0_IRQHandler
                0x00002140                TIMER1_IRQHandler
                0x00002140                USART2_RX_IRQHandler
                0x00002140                Default_Handler
                0x00002140                EMU_IRQHandler
                0x00002140                PCNT0_IRQHandler
                0x00002140                USB_IRQHandler
                0x00002140                BURTC_IRQHandler
                0x00002140                PCNT1_IRQHandler
                0x00002140                ACMP0_IRQHandler
                0x00002140                USART0_RX_IRQHandler
                0x00002140                MemManage_Handler
                0x00002140                SVC_Handler
                0x00002140                DAC0_IRQHandler
                0x00002140                CMU_IRQHandler
                0x00002140                EBI_IRQHandler
                0x00002140                LESENSE_IRQHandler
                0x00002140                GPIO_ODD_IRQHandler
                0x00002140                AES_IRQHandler
                0x00002140                VCMP_IRQHandler
                0x00002140                DMA_IRQHandler
                0x00002140                BusFault_Handler
                0x00002140                USART2_TX_IRQHandler
 .text.GetProdRev
                0x00002144       0x1c ./CMSIS/efm32gg/system_efm32gg.o
 .text.SystemCoreClockGet
                0x00002160       0x34 ./CMSIS/efm32gg/system_efm32gg.o
                0x00002160                SystemCoreClockGet
 .text.SystemHFClockGet
                0x00002194      0x100 ./CMSIS/efm32gg/system_efm32gg.o
                0x00002194                SystemHFClockGet
 .text.SystemInit
                0x00002294        0xc ./CMSIS/efm32gg/system_efm32gg.o
                0x00002294                SystemInit
 .text.SystemLFRCOClockGet
                0x000022a0       0x14 ./CMSIS/efm32gg/system_efm32gg.o
                0x000022a0                SystemLFRCOClockGet
 .text.SystemULFRCOClockGet
                0x000022b4       0x14 ./CMSIS/efm32gg/system_efm32gg.o
                0x000022b4                SystemULFRCOClockGet
 .text.SystemLFXOClockGet
                0x000022c8       0x18 ./CMSIS/efm32gg/system_efm32gg.o
                0x000022c8                SystemLFXOClockGet
 .text.GPIO_PinOutClear
                0x000022e0       0x98 ./BSP/bsp_dk_3201.o
 .text.GPIO_PinOutSet
                0x00002378       0x98 ./BSP/bsp_dk_3201.o
 .text.BSP_Disable
                0x00002410       0x2c ./BSP/bsp_dk_3201.o
                0x00002410                BSP_Disable
 .text.BSP_Init
                0x0000243c       0x88 ./BSP/bsp_dk_3201.o
                0x0000243c                BSP_Init
 .text.BSP_BusControlModeSet
                0x000024c4       0xc0 ./BSP/bsp_dk_3201.o
                0x000024c4                BSP_BusControlModeSet
 .text.BSP_EbiExtendedAddressRange
                0x00002584       0x30 ./BSP/bsp_dk_3201.o
                0x00002584                BSP_EbiExtendedAddressRange
 .text.BSP_PeripheralAccess
                0x000025b4      0x31c ./BSP/bsp_dk_3201.o
                0x000025b4                BSP_PeripheralAccess
 .text.BSP_RegisterRead
                0x000028d0       0x2c ./BSP/bsp_dk_3201.o
                0x000028d0                BSP_RegisterRead
 .text.BSP_RegisterWrite
                0x000028fc       0x34 ./BSP/bsp_dk_3201.o
                0x000028fc                BSP_RegisterWrite
 .text.EbiDisable
                0x00002930      0x1a4 ./BSP/bsp_dk_3201.o
 .text.EbiInit  0x00002ad4      0x318 ./BSP/bsp_dk_3201.o
 .text.SpiBcAccess
                0x00002dec       0x8c ./BSP/bsp_dk_3201.o
 .text.SpiBcDisable
                0x00002e78       0x4c ./BSP/bsp_dk_3201.o
 .text.SpiBcInit
                0x00002ec4       0x84 ./BSP/bsp_dk_3201.o
 .text.SpiControl
                0x00002f48       0x68 ./BSP/bsp_dk_3201.o
 .text.SpiInit  0x00002fb0       0x48 ./BSP/bsp_dk_3201.o
 .text.SpiRegisterRead
                0x00002ff8       0x78 ./BSP/bsp_dk_3201.o
 .text.SpiRegisterWrite
                0x00003070       0x68 ./BSP/bsp_dk_3201.o
 .text.exit     0x000030d8       0x28 c:/siliconlabs/simplicitystudio/v3/developer/toolchains/gnu_arm/4.8_2013q4/bin/../lib/gcc/arm-none-eabi/4.8.3/../../../../arm-none-eabi/lib/armv7-m\libc_s.a(lib_a-exit.o)
                0x000030d8                exit
 .text.__libc_init_array
                0x00003100       0x4c c:/siliconlabs/simplicitystudio/v3/developer/toolchains/gnu_arm/4.8_2013q4/bin/../lib/gcc/arm-none-eabi/4.8.3/../../../../arm-none-eabi/lib/armv7-m\libc_s.a(lib_a-init.o)
                0x00003100                __libc_init_array
 .text.memset   0x0000314c       0x10 c:/siliconlabs/simplicitystudio/v3/developer/toolchains/gnu_arm/4.8_2013q4/bin/../lib/gcc/arm-none-eabi/4.8.3/../../../../arm-none-eabi/lib/armv7-m\libc_s.a(lib_a-memset.o)
                0x0000314c                memset
 .text._exit    0x0000315c        0x4 c:/siliconlabs/simplicitystudio/v3/developer/toolchains/gnu_arm/4.8_2013q4/bin/../lib/gcc/arm-none-eabi/4.8.3/../../../../arm-none-eabi/lib/armv7-m\libnosys.a(_exit.o)
                0x0000315c                _exit
 *(.init)
 .init          0x00003160        0x4 c:/siliconlabs/simplicitystudio/v3/developer/toolchains/gnu_arm/4.8_2013q4/bin/../lib/gcc/arm-none-eabi/4.8.3/armv7-m/crti.o
                0x00003160                _init
 .init          0x00003164        0x8 c:/siliconlabs/simplicitystudio/v3/developer/toolchains/gnu_arm/4.8_2013q4/bin/../lib/gcc/arm-none-eabi/4.8.3/armv7-m/crtn.o
 *(.fini)
 .fini          0x0000316c        0x4 c:/siliconlabs/simplicitystudio/v3/developer/toolchains/gnu_arm/4.8_2013q4/bin/../lib/gcc/arm-none-eabi/4.8.3/armv7-m/crti.o
                0x0000316c                _fini
 .fini          0x00003170        0x8 c:/siliconlabs/simplicitystudio/v3/developer/toolchains/gnu_arm/4.8_2013q4/bin/../lib/gcc/arm-none-eabi/4.8.3/armv7-m/crtn.o
 *crtbegin.o(.ctors)
 *crtbegin?.o(.ctors)
 *(EXCLUDE_FILE(*crtend.o *crtend?.o) .ctors)
 *(SORT(.ctors.*))
 *(.ctors)
 *crtbegin.o(.dtors)
 *crtbegin?.o(.dtors)
 *(EXCLUDE_FILE(*crtend.o *crtend?.o) .dtors)
 *(SORT(.dtors.*))
 *(.dtors)
 *(.rodata*)
 .rodata.welcomeString
                0x00003178       0x2c ./src/uart.o
                0x00003178                welcomeString
 .rodata.overflowString
                0x000031a4       0x14 ./src/uart.o
                0x000031a4                overflowString
 .rodata        0x000031b8        0xc ./src/uart.o
 .rodata        0x000031c4       0xa0 ./emlib/em_cmu.o
 .rodata        0x00003264       0x50 ./emlib/em_ebi.o
 .rodata        0x000032b4       0xa0 ./emlib/em_gpio.o
 .rodata        0x00003354       0x54 ./emlib/em_system.o
 .rodata        0x000033a8       0x50 ./emlib/em_usart.o
 .rodata        0x000033f8       0x68 ./BSP/bsp_dk_3201.o
 .rodata.str1.1
                0x00003460        0x2 c:/siliconlabs/simplicitystudio/v3/developer/toolchains/gnu_arm/4.8_2013q4/bin/../lib/gcc/arm-none-eabi/4.8.3/../../../../arm-none-eabi/lib/armv7-m\libc_s.a(lib_a-impure.o)
 *fill*         0x00003462        0x2 
 .rodata._global_impure_ptr
                0x00003464        0x4 c:/siliconlabs/simplicitystudio/v3/developer/toolchains/gnu_arm/4.8_2013q4/bin/../lib/gcc/arm-none-eabi/4.8.3/../../../../arm-none-eabi/lib/armv7-m\libc_s.a(lib_a-impure.o)
                0x00003464                _global_impure_ptr
 *(.eh_frame*)
 .eh_frame      0x00003468        0x0 c:/siliconlabs/simplicitystudio/v3/developer/toolchains/gnu_arm/4.8_2013q4/bin/../lib/gcc/arm-none-eabi/4.8.3/armv7-m/crtbegin.o
 .eh_frame      0x00003468        0x4 c:/siliconlabs/simplicitystudio/v3/developer/toolchains/gnu_arm/4.8_2013q4/bin/../lib/gcc/arm-none-eabi/4.8.3/armv7-m/crtend.o

.glue_7         0x0000346c        0x0
 .glue_7        0x00000000        0x0 linker stubs

.glue_7t        0x0000346c        0x0
 .glue_7t       0x00000000        0x0 linker stubs

.vfp11_veneer   0x0000346c        0x0
 .vfp11_veneer  0x00000000        0x0 linker stubs

.v4_bx          0x0000346c        0x0
 .v4_bx         0x00000000        0x0 linker stubs

.iplt           0x0000346c        0x0
 .iplt          0x00000000        0x0 c:/siliconlabs/simplicitystudio/v3/developer/toolchains/gnu_arm/4.8_2013q4/bin/../lib/gcc/arm-none-eabi/4.8.3/armv7-m/crtbegin.o

.ARM.extab
 *(.ARM.extab* .gnu.linkonce.armextab.*)
                0x0000346c                __exidx_start = .

.ARM.exidx      0x0000346c        0x8
 *(.ARM.exidx* .gnu.linkonce.armexidx.*)
 .ARM.exidx     0x0000346c        0x8 c:/siliconlabs/simplicitystudio/v3/developer/toolchains/gnu_arm/4.8_2013q4/bin/../lib/gcc/arm-none-eabi/4.8.3/../../../../arm-none-eabi/lib/armv7-m/crt0.o
                0x00003474                __exidx_end = .
                0x00003474                __etext = .

.rel.dyn        0x00003474        0x0
 .rel.iplt      0x00000000        0x0 c:/siliconlabs/simplicitystudio/v3/developer/toolchains/gnu_arm/4.8_2013q4/bin/../lib/gcc/arm-none-eabi/4.8.3/armv7-m/crtbegin.o

.data           0x20000000       0x90 load address 0x00003474
                0x20000000                __data_start__ = .
 *(vtable)
 *(.data*)
 .data.uart     0x20000000        0x4 ./src/uart.o
 .data.uartInit
                0x20000004       0x18 ./src/uart.o
 .data.SystemHFXOClock
                0x2000001c        0x4 ./CMSIS/efm32gg/system_efm32gg.o
 .data.SystemLFXOClock
                0x20000020        0x4 ./CMSIS/efm32gg/system_efm32gg.o
 .data.impure_data
                0x20000024       0x60 c:/siliconlabs/simplicitystudio/v3/developer/toolchains/gnu_arm/4.8_2013q4/bin/../lib/gcc/arm-none-eabi/4.8.3/../../../../arm-none-eabi/lib/armv7-m\libc_s.a(lib_a-impure.o)
                0x20000084                . = ALIGN (0x4)
 *(.ram)
                0x20000084                . = ALIGN (0x4)
                0x20000084                PROVIDE (__preinit_array_start, .)
 *(.preinit_array)
                0x20000084                PROVIDE (__preinit_array_end, .)
                0x20000084                . = ALIGN (0x4)
                0x20000084                PROVIDE (__init_array_start, .)
 *(SORT(.init_array.*))
 *(.init_array)
 .init_array    0x20000084        0x4 c:/siliconlabs/simplicitystudio/v3/developer/toolchains/gnu_arm/4.8_2013q4/bin/../lib/gcc/arm-none-eabi/4.8.3/armv7-m/crtbegin.o
                0x20000088                PROVIDE (__init_array_end, .)
                0x20000088                . = ALIGN (0x4)
                0x20000088                PROVIDE (__fini_array_start, .)
 *(SORT(.fini_array.*))
 *(.fini_array)
 .fini_array    0x20000088        0x4 c:/siliconlabs/simplicitystudio/v3/developer/toolchains/gnu_arm/4.8_2013q4/bin/../lib/gcc/arm-none-eabi/4.8.3/armv7-m/crtbegin.o
                0x2000008c                PROVIDE (__fini_array_end, .)
 *(.jcr*)
 .jcr           0x2000008c        0x0 c:/siliconlabs/simplicitystudio/v3/developer/toolchains/gnu_arm/4.8_2013q4/bin/../lib/gcc/arm-none-eabi/4.8.3/armv7-m/crtbegin.o
 .jcr           0x2000008c        0x4 c:/siliconlabs/simplicitystudio/v3/developer/toolchains/gnu_arm/4.8_2013q4/bin/../lib/gcc/arm-none-eabi/4.8.3/armv7-m/crtend.o
                0x20000090                . = ALIGN (0x4)
                0x20000090                __data_end__ = .

.igot.plt       0x20000090        0x0 load address 0x00003504
 .igot.plt      0x00000000        0x0 c:/siliconlabs/simplicitystudio/v3/developer/toolchains/gnu_arm/4.8_2013q4/bin/../lib/gcc/arm-none-eabi/4.8.3/armv7-m/crtbegin.o

.bss            0x20000090      0x250 load address 0x00003504
                0x20000090                . = ALIGN (0x4)
                0x20000090                __bss_start__ = .
 *(.bss*)
 .bss           0x20000090       0x1c c:/siliconlabs/simplicitystudio/v3/developer/toolchains/gnu_arm/4.8_2013q4/bin/../lib/gcc/arm-none-eabi/4.8.3/armv7-m/crtbegin.o
 .bss.txBuf     0x200000ac      0x110 ./src/uart.o
                0x200000ac                txBuf
 .bss.bspOperationMode
                0x200001bc        0x4 ./BSP/bsp_dk_3201.o
 .bss.busMode   0x200001c0        0x1 ./BSP/bsp_dk_3201.o
 *fill*         0x200001c1        0x3 
 .bss.lastAddr  0x200001c4        0x4 ./BSP/bsp_dk_3201.o
 .bss.bcFwVersion
                0x200001c8        0x2 ./BSP/bsp_dk_3201.o
 *(COMMON)
 *fill*         0x200001ca        0x2 
 COMMON         0x200001cc      0x110 ./src/uart.o
                0x200001cc                rxBuf
 COMMON         0x200002dc        0x4 ./CMSIS/efm32gg/system_efm32gg.o
                0x200002dc                SystemCoreClock
                0x200002e0                . = ALIGN (0x4)
                0x200002e0                __bss_end__ = .

.heap           0x200002e0      0xc00
                0x200002e0                __HeapBase = .
                0x200002e0                __end__ = .
                0x200002e0                end = __end__
                0x200002e0                _end = __end__
 *(.heap*)
 .heap          0x200002e0      0xc00 ./CMSIS/efm32gg/startup_efm32gg.o
                0x20000ee0                __HeapLimit = .

.stack_dummy    0x200002e0      0x400
 *(.stack*)
 .stack         0x200002e0      0x400 ./CMSIS/efm32gg/startup_efm32gg.o
                0x20020000                __StackTop = (ORIGIN (RAM) + 0x20000)
                0x2001fc00                __StackLimit = (__StackTop - SIZEOF (.stack_dummy))
                0x20020000                PROVIDE (__stack, __StackTop)
                0x00000001                ASSERT ((__StackLimit >= __HeapLimit), region RAM overflowed with stack)
                0x00000001                ASSERT ((0x100000 >= (__etext + SIZEOF (.data))), FLASH memory overflowed !)
OUTPUT(Uart Example.axf elf32-littlearm)

.ARM.attributes
                0x00000000       0x29
 .ARM.attributes
                0x00000000       0x1d c:/siliconlabs/simplicitystudio/v3/developer/toolchains/gnu_arm/4.8_2013q4/bin/../lib/gcc/arm-none-eabi/4.8.3/armv7-m/crti.o
 .ARM.attributes
                0x0000001d       0x2d c:/siliconlabs/simplicitystudio/v3/developer/toolchains/gnu_arm/4.8_2013q4/bin/../lib/gcc/arm-none-eabi/4.8.3/armv7-m/crtbegin.o
 .ARM.attributes
                0x0000004a       0x1b c:/siliconlabs/simplicitystudio/v3/developer/toolchains/gnu_arm/4.8_2013q4/bin/../lib/gcc/arm-none-eabi/4.8.3/../../../../arm-none-eabi/lib/armv7-m/crt0.o
 .ARM.attributes
                0x00000065       0x33 ./src/uart.o
 .ARM.attributes
                0x00000098       0x33 ./emlib/em_assert.o
 .ARM.attributes
                0x000000cb       0x33 ./emlib/em_cmu.o
 .ARM.attributes
                0x000000fe       0x33 ./emlib/em_ebi.o
 .ARM.attributes
                0x00000131       0x33 ./emlib/em_gpio.o
 .ARM.attributes
                0x00000164       0x33 ./emlib/em_system.o
 .ARM.attributes
                0x00000197       0x33 ./emlib/em_usart.o
 .ARM.attributes
                0x000001ca       0x1b ./CMSIS/efm32gg/startup_efm32gg.o
 .ARM.attributes
                0x000001e5       0x33 ./CMSIS/efm32gg/system_efm32gg.o
 .ARM.attributes
                0x00000218       0x33 ./BSP/bsp_dk_3201.o
 .ARM.attributes
                0x0000024b       0x2d c:/siliconlabs/simplicitystudio/v3/developer/toolchains/gnu_arm/4.8_2013q4/bin/../lib/gcc/arm-none-eabi/4.8.3/../../../../arm-none-eabi/lib/armv7-m\libc_s.a(lib_a-exit.o)
 .ARM.attributes
                0x00000278       0x2d c:/siliconlabs/simplicitystudio/v3/developer/toolchains/gnu_arm/4.8_2013q4/bin/../lib/gcc/arm-none-eabi/4.8.3/../../../../arm-none-eabi/lib/armv7-m\libc_s.a(lib_a-impure.o)
 .ARM.attributes
                0x000002a5       0x2d c:/siliconlabs/simplicitystudio/v3/developer/toolchains/gnu_arm/4.8_2013q4/bin/../lib/gcc/arm-none-eabi/4.8.3/../../../../arm-none-eabi/lib/armv7-m\libc_s.a(lib_a-init.o)
 .ARM.attributes
                0x000002d2       0x2d c:/siliconlabs/simplicitystudio/v3/developer/toolchains/gnu_arm/4.8_2013q4/bin/../lib/gcc/arm-none-eabi/4.8.3/../../../../arm-none-eabi/lib/armv7-m\libc_s.a(lib_a-memset.o)
 .ARM.attributes
                0x000002ff       0x2d c:/siliconlabs/simplicitystudio/v3/developer/toolchains/gnu_arm/4.8_2013q4/bin/../lib/gcc/arm-none-eabi/4.8.3/../../../../arm-none-eabi/lib/armv7-m\libnosys.a(_exit.o)
 .ARM.attributes
                0x0000032c       0x2d c:/siliconlabs/simplicitystudio/v3/developer/toolchains/gnu_arm/4.8_2013q4/bin/../lib/gcc/arm-none-eabi/4.8.3/armv7-m/crtend.o
 .ARM.attributes
                0x00000359       0x1d c:/siliconlabs/simplicitystudio/v3/developer/toolchains/gnu_arm/4.8_2013q4/bin/../lib/gcc/arm-none-eabi/4.8.3/armv7-m/crtn.o

.comment        0x00000000       0x70
 .comment       0x00000000       0x70 ./src/uart.o
                                 0x71 (size before relaxing)
 .comment       0x00000000       0x71 ./emlib/em_assert.o
 .comment       0x00000000       0x71 ./emlib/em_cmu.o
 .comment       0x00000000       0x71 ./emlib/em_ebi.o
 .comment       0x00000000       0x71 ./emlib/em_gpio.o
 .comment       0x00000000       0x71 ./emlib/em_system.o
 .comment       0x00000000       0x71 ./emlib/em_usart.o
 .comment       0x00000000       0x71 ./CMSIS/efm32gg/system_efm32gg.o
 .comment       0x00000000       0x71 ./BSP/bsp_dk_3201.o

.debug_info     0x00000000     0x6821
 .debug_info    0x00000000      0xf52 ./src/uart.o
 .debug_info    0x00000f52       0x76 ./emlib/em_assert.o
 .debug_info    0x00000fc8     0x14d4 ./emlib/em_cmu.o
 .debug_info    0x0000249c     0x10a1 ./emlib/em_ebi.o
 .debug_info    0x0000353d      0x644 ./emlib/em_gpio.o
 .debug_info    0x00003b81      0x241 ./emlib/em_system.o
 .debug_info    0x00003dc2      0xece ./emlib/em_usart.o
 .debug_info    0x00004c90       0xec ./CMSIS/efm32gg/startup_efm32gg.o
 .debug_info    0x00004d7c      0x55d ./CMSIS/efm32gg/system_efm32gg.o
 .debug_info    0x000052d9     0x1548 ./BSP/bsp_dk_3201.o

.debug_abbrev   0x00000000     0x1022
 .debug_abbrev  0x00000000      0x2ce ./src/uart.o
 .debug_abbrev  0x000002ce       0x63 ./emlib/em_assert.o
 .debug_abbrev  0x00000331      0x2f6 ./emlib/em_cmu.o
 .debug_abbrev  0x00000627      0x1c8 ./emlib/em_ebi.o
 .debug_abbrev  0x000007ef      0x1cb ./emlib/em_gpio.o
 .debug_abbrev  0x000009ba       0xed ./emlib/em_system.o
 .debug_abbrev  0x00000aa7      0x1d0 ./emlib/em_usart.o
 .debug_abbrev  0x00000c77       0x14 ./CMSIS/efm32gg/startup_efm32gg.o
 .debug_abbrev  0x00000c8b      0x16b ./CMSIS/efm32gg/system_efm32gg.o
 .debug_abbrev  0x00000df6      0x22c ./BSP/bsp_dk_3201.o

.debug_loc      0x00000000     0x2170
 .debug_loc     0x00000000      0x37c ./src/uart.o
 .debug_loc     0x0000037c       0x38 ./emlib/em_assert.o
 .debug_loc     0x000003b4      0x8d0 ./emlib/em_cmu.o
 .debug_loc     0x00000c84      0x56c ./emlib/em_ebi.o
 .debug_loc     0x000011f0      0x268 ./emlib/em_gpio.o
 .debug_loc     0x00001458       0x70 ./emlib/em_system.o
 .debug_loc     0x000014c8      0x49a ./emlib/em_usart.o
 .debug_loc     0x00001962      0x214 ./CMSIS/efm32gg/system_efm32gg.o
 .debug_loc     0x00001b76      0x5fa ./BSP/bsp_dk_3201.o

.debug_aranges  0x00000000      0x5f0
 .debug_aranges
                0x00000000       0xa0 ./src/uart.o
 .debug_aranges
                0x000000a0       0x20 ./emlib/em_assert.o
 .debug_aranges
                0x000000c0      0x168 ./emlib/em_cmu.o
 .debug_aranges
                0x00000228       0xe0 ./emlib/em_ebi.o
 .debug_aranges
                0x00000308       0x70 ./emlib/em_gpio.o
 .debug_aranges
                0x00000378       0x28 ./emlib/em_system.o
 .debug_aranges
                0x000003a0       0xc0 ./emlib/em_usart.o
 .debug_aranges
                0x00000460       0x20 ./CMSIS/efm32gg/startup_efm32gg.o
 .debug_aranges
                0x00000480       0x70 ./CMSIS/efm32gg/system_efm32gg.o
 .debug_aranges
                0x000004f0      0x100 ./BSP/bsp_dk_3201.o

.debug_ranges   0x00000000      0x540
 .debug_ranges  0x00000000       0x90 ./src/uart.o
 .debug_ranges  0x00000090       0x10 ./emlib/em_assert.o
 .debug_ranges  0x000000a0      0x158 ./emlib/em_cmu.o
 .debug_ranges  0x000001f8       0xd0 ./emlib/em_ebi.o
 .debug_ranges  0x000002c8       0x60 ./emlib/em_gpio.o
 .debug_ranges  0x00000328       0x18 ./emlib/em_system.o
 .debug_ranges  0x00000340       0xb0 ./emlib/em_usart.o
 .debug_ranges  0x000003f0       0x60 ./CMSIS/efm32gg/system_efm32gg.o
 .debug_ranges  0x00000450       0xf0 ./BSP/bsp_dk_3201.o

.debug_line     0x00000000     0x2afc
 .debug_line    0x00000000      0x453 ./src/uart.o
 .debug_line    0x00000453       0x85 ./emlib/em_assert.o
 .debug_line    0x000004d8      0x9f9 ./emlib/em_cmu.o
 .debug_line    0x00000ed1      0x68b ./emlib/em_ebi.o
 .debug_line    0x0000155c      0x3ce ./emlib/em_gpio.o
 .debug_line    0x0000192a      0x258 ./emlib/em_system.o
 .debug_line    0x00001b82      0x58b ./emlib/em_usart.o
 .debug_line    0x0000210d       0xbe ./CMSIS/efm32gg/startup_efm32gg.o
 .debug_line    0x000021cb      0x2c4 ./CMSIS/efm32gg/system_efm32gg.o
 .debug_line    0x0000248f      0x66d ./BSP/bsp_dk_3201.o

.debug_str      0x00000000     0x375d
 .debug_str     0x00000000      0xec6 ./src/uart.o
                                0xf3b (size before relaxing)
 .debug_str     0x00000ec6       0x65 ./emlib/em_assert.o
                                0x13b (size before relaxing)
 .debug_str     0x00000f2b      0xbcf ./emlib/em_cmu.o
                               0x1022 (size before relaxing)
 .debug_str     0x00001afa      0xbfb ./emlib/em_ebi.o
                                0xdcd (size before relaxing)
 .debug_str     0x000026f5      0x24e ./emlib/em_gpio.o
                                0x5d6 (size before relaxing)
 .debug_str     0x00002943       0xb7 ./emlib/em_system.o
                                0x2a8 (size before relaxing)
 .debug_str     0x000029fa      0x5dd ./emlib/em_usart.o
                                0xdd5 (size before relaxing)
 .debug_str     0x00002fd7      0x158 ./CMSIS/efm32gg/system_efm32gg.o
                                0x495 (size before relaxing)
 .debug_str     0x0000312f      0x62e ./BSP/bsp_dk_3201.o
                               0x148f (size before relaxing)

.debug_frame    0x00000000     0x13d4
 .debug_frame   0x00000000      0x1f8 ./src/uart.o
 .debug_frame   0x000001f8       0x2c ./emlib/em_assert.o
 .debug_frame   0x00000224      0x4fc ./emlib/em_cmu.o
 .debug_frame   0x00000720      0x320 ./emlib/em_ebi.o
 .debug_frame   0x00000a40      0x164 ./emlib/em_gpio.o
 .debug_frame   0x00000ba4       0x50 ./emlib/em_system.o
 .debug_frame   0x00000bf4      0x284 ./emlib/em_usart.o
 .debug_frame   0x00000e78      0x138 ./CMSIS/efm32gg/system_efm32gg.o
 .debug_frame   0x00000fb0      0x390 ./BSP/bsp_dk_3201.o
 .debug_frame   0x00001340       0x28 c:/siliconlabs/simplicitystudio/v3/developer/toolchains/gnu_arm/4.8_2013q4/bin/../lib/gcc/arm-none-eabi/4.8.3/../../../../arm-none-eabi/lib/armv7-m\libc_s.a(lib_a-exit.o)
 .debug_frame   0x00001368       0x2c c:/siliconlabs/simplicitystudio/v3/developer/toolchains/gnu_arm/4.8_2013q4/bin/../lib/gcc/arm-none-eabi/4.8.3/../../../../arm-none-eabi/lib/armv7-m\libc_s.a(lib_a-init.o)
 .debug_frame   0x00001394       0x20 c:/siliconlabs/simplicitystudio/v3/developer/toolchains/gnu_arm/4.8_2013q4/bin/../lib/gcc/arm-none-eabi/4.8.3/../../../../arm-none-eabi/lib/armv7-m\libc_s.a(lib_a-memset.o)
 .debug_frame   0x000013b4       0x20 c:/siliconlabs/simplicitystudio/v3/developer/toolchains/gnu_arm/4.8_2013q4/bin/../lib/gcc/arm-none-eabi/4.8.3/../../../../arm-none-eabi/lib/armv7-m\libnosys.a(_exit.o)
